{
  "$schema": "https://json-schema.org/draft/2020-12/schema",
  "type": "object",
  "properties": {
    "content": {
      "type": "object",
      "properties": {
        "items": {
          "type": "array",
          "items": {
            "type": "object",
            "properties": {
              "id": {
                "type": "integer"
              },
              "title": {
                "type": "string"
              },
              "activeAtFrom": {
                "type": "integer"
              },
              "activeAtTo": {
                "type": "integer"
              },
              "image": {
                "type": "object",
                "properties": {
                  "id": {
                    "type": "integer"
                  },
                  "originName": {
                    "type": "string"
                  },
                  "fileType": {
                    "type": "string"
                  },
                  "fileSize": {
                    "type": "integer"
                  },
                  "width": {
                    "type": "integer"
                  },
                  "height": {
                    "type": "integer"
                  },
                  "cropUrlTemplate": {
                    "format": "uri",
                    "type": "string"
                  },
                  "publicUrl": {
                    "type": "null"
                  },
                  "uuid": {
                    "format": "uuid",
                    "type": "string"
                  }
                },
                "required": [
                  "cropUrlTemplate",
                  "fileSize",
                  "fileType",
                  "height",
                  "id",
                  "originName",
                  "publicUrl",
                  "uuid",
                  "width"
                ]
              },
              "externalLink": {
                "format": "uri",
                "type": "string"
              }
            },
            "required": [
              "activeAtFrom",
              "activeAtTo",
              "externalLink",
              "id",
              "image",
              "title"
            ]
          }
        }
      },
      "required": [
        "items"
      ]
    }
  },
  "required": [
    "content"
  ]
}