{
  "$schema": "http://json-schema.org/schema#",
  "type": "object",
  "properties": {
    "content": {
      "type": "object",
      "properties": {
        "items": {
          "type": "array",
          "items": {
            "type": "object",
            "properties": {
              "liked": {
                "type": "boolean"
              },
              "borderStyle": {
                "type": "null"
              },
              "bestReview": {
                "type": "null"
              },
              "advToken": {
                "type": "null"
              },
              "id": {
                "type": "integer"
              },
              "masterData": {
                "type": "object",
                "properties": {
                  "slug": {
                    "type": "string"
                  },
                  "plu": {
                    "type": "string"
                  },
                  "unit": {
                    "type": "integer"
                  },
                  "unitName": {
                    "type": "string"
                  },
                  "quantum": {
                    "type": "integer"
                  },
                  "quantumStep": {
                    "type": "integer"
                  },
                  "weight": {
                    "type": "integer"
                  },
                  "volume": {
                    "type": "null"
                  },
                  "ui4code": {
                    "type": "string"
                  },
                  "taxGroup": {
                    "type": "string"
                  },
                  "ownProduction": {
                    "type": "boolean"
                  },
                  "privateLabel": {
                    "type": "boolean"
                  },
                  "isMark": {
                    "type": "boolean"
                  },
                  "alcoSetUnits": {
                    "type": "null"
                  },
                  "activeNds": {
                    "type": "integer"
                  }
                },
                "required": [
                  "activeNds",
                  "alcoSetUnits",
                  "isMark",
                  "ownProduction",
                  "plu",
                  "privateLabel",
                  "quantum",
                  "quantumStep",
                  "slug",
                  "taxGroup",
                  "ui4code",
                  "unit",
                  "unitName",
                  "volume",
                  "weight"
                ]
              },
              "title": {
                "type": "string"
              },
              "primaryCategory": {
                "type": "object",
                "properties": {
                  "id": {
                    "type": "integer"
                  },
                  "title": {
                    "type": "string"
                  },
                  "slug": {
                    "type": "string"
                  },
                  "isAlcohol": {
                    "type": "boolean"
                  },
                  "isTobacco": {
                    "type": "boolean"
                  },
                  "isExciseAlcohol": {
                    "type": "boolean"
                  },
                  "isAdultContent": {
                    "type": "boolean"
                  },
                  "displayStyle": {
                    "type": "integer"
                  },
                  "catalogs": {
                    "type": "array",
                    "items": {
                      "type": "integer"
                    }
                  }
                },
                "required": [
                  "catalogs",
                  "displayStyle",
                  "id",
                  "isAdultContent",
                  "isAlcohol",
                  "isExciseAlcohol",
                  "isTobacco",
                  "slug",
                  "title"
                ]
              },
              "catalogPrimaryCategory": {
                "type": "object",
                "properties": {
                  "id": {
                    "type": "integer"
                  },
                  "title": {
                    "type": "string"
                  },
                  "slug": {
                    "type": "string"
                  },
                  "isAlcohol": {
                    "type": "boolean"
                  },
                  "isTobacco": {
                    "type": "boolean"
                  },
                  "isExciseAlcohol": {
                    "type": "boolean"
                  },
                  "isAdultContent": {
                    "type": "boolean"
                  },
                  "displayStyle": {
                    "type": "integer"
                  },
                  "catalogs": {
                    "type": "array",
                    "items": {
                      "type": "integer"
                    }
                  }
                },
                "required": [
                  "catalogs",
                  "displayStyle",
                  "id",
                  "isAdultContent",
                  "isAlcohol",
                  "isExciseAlcohol",
                  "isTobacco",
                  "slug",
                  "title"
                ]
              },
              "image": {
                "type": "object",
                "properties": {
                  "id": {
                    "type": "integer"
                  },
                  "originName": {
                    "type": "string"
                  },
                  "fileType": {
                    "type": "string"
                  },
                  "fileSize": {
                    "type": "integer"
                  },
                  "width": {
                    "type": "integer"
                  },
                  "height": {
                    "type": "integer"
                  },
                  "cropUrlTemplate": {
                    "type": "string",
                    "format": "uri"
                  },
                  "publicUrl": {
                    "type": "null"
                  },
                  "uuid": {
                    "type": "string",
                    "format": "uuid"
                  }
                },
                "required": [
                  "cropUrlTemplate",
                  "fileSize",
                  "fileType",
                  "height",
                  "id",
                  "originName",
                  "publicUrl",
                  "uuid",
                  "width"
                ]
              },
              "rating": {
                "type": "integer"
              },
              "medianPrice": {
                "type": "integer"
              },
              "labelCharacteristics": {
                "type": "array"
              },
              "labels": {
                "type": "array"
              },
              "reviewCount": {
                "type": "integer"
              },
              "ratingCount": {
                "type": "integer"
              },
              "priceTag": {
                "type": "object",
                "properties": {
                  "price": {
                    "type": "integer"
                  },
                  "discountMinimumAmount": {
                    "type": "integer"
                  },
                  "grossPrice": {
                    "type": "null"
                  },
                  "labels": {
                    "type": "array"
                  },
                  "pricePerQuantum": {
                    "type": "null"
                  },
                  "grossPricePerQuantum": {
                    "type": "null"
                  },
                  "potentialPointsForOrangeCard": {
                    "type": "null"
                  }
                },
                "required": [
                  "discountMinimumAmount",
                  "grossPrice",
                  "grossPricePerQuantum",
                  "labels",
                  "potentialPointsForOrangeCard",
                  "price",
                  "pricePerQuantum"
                ]
              },
              "balanceState": {
                "type": "string"
              }
            },
            "required": [
              "advToken",
              "balanceState",
              "bestReview",
              "borderStyle",
              "catalogPrimaryCategory",
              "id",
              "image",
              "labelCharacteristics",
              "labels",
              "liked",
              "masterData",
              "medianPrice",
              "priceTag",
              "primaryCategory",
              "rating",
              "ratingCount",
              "reviewCount",
              "title"
            ]
          }
        },
        "paginator": {
          "type": "object",
          "properties": {
            "step": {
              "type": "integer"
            },
            "current": {
              "type": "integer"
            },
            "nextPageExists": {
              "type": "boolean"
            }
          },
          "required": [
            "current",
            "nextPageExists",
            "step"
          ]
        },
        "currentSorting": {
          "type": "object",
          "properties": {
            "orderBy": {
              "type": "string"
            },
            "orderDirection": {
              "type": "string"
            }
          },
          "required": [
            "orderBy",
            "orderDirection"
          ]
        },
        "canonical": {
          "type": "null"
        },
        "orderByInfoItems": {
          "type": "array",
          "items": {
            "type": "object",
            "properties": {
              "orderBy": {
                "type": "string"
              },
              "orderDirection": {
                "type": "string"
              },
              "orderByTitle": {
                "type": "string"
              },
              "isSelected": {
                "type": "boolean"
              }
            },
            "required": [
              "isSelected",
              "orderBy",
              "orderByTitle",
              "orderDirection"
            ]
          }
        },
        "searchQueryId": {
          "type": "null"
        },
        "searchType": {
          "type": "string"
        },
        "catalogs": {
          "type": "array",
          "items": {
            "type": "integer"
          }
        }
      },
      "required": [
        "canonical",
        "catalogs",
        "currentSorting",
        "items",
        "orderByInfoItems",
        "paginator",
        "searchQueryId",
        "searchType"
      ]
    }
  },
  "required": [
    "content"
  ]
}