{
  "content": {
    "uuid": "5623239c-ed43-4d5e-920d-71417c00a906",
    "x5id": null,
    "isAnonymous": true,
    "phone": null,
    "deliveryMode": null,
    "updatedAt": 1756776216109,
    "justSignedUp": false,
    "isProfileFilled": false,
    "x5PacketSubscription": {
      "status": 2,
      "aboutUrl": null
    },
    "offlineShop": null,
    "analyticsInfo": []
  }
}