{
  "content": {
    "items": [
      {
        "liked": false,
        "borderStyle": null,
        "bestReview": null,
        "advToken": null,
        "id": 61718,
        "masterData": {
          "slug": "tetrad-skolnaa-pzbm-a5-v-kletku-12-listov",
          "plu": "3956330",
          "unit": 1,
          "unitName": "шт",
          "quantum": 1000,
          "quantumStep": 1000,
          "weight": 29,
          "volume": null,
          "ui4code": "NF0701006",
          "taxGroup": "BB",
          "ownProduction": false,
          "privateLabel": false,
          "isMark": false,
          "alcoSetUnits": null,
          "activeNds": 10
        },
        "title": "Тетрадь школьная ПЗБМ A5 в клетку, 12 листов",
        "primaryCategory": {
          "id": 455,
          "title": "Бумага, ручки, краски",
          "slug": "bumaga-rucki-kraski",
          "isAlcohol": false,
          "isTobacco": false,
          "isExciseAlcohol": false,
          "isAdultContent": false,
          "displayStyle": 2,
          "catalogs": [
            2,
            4
          ]
        },
        "catalogPrimaryCategory": {
          "id": 53,
          "title": "Канцелярия",
          "slug": "kancelaria",
          "isAlcohol": false,
          "isTobacco": false,
          "isExciseAlcohol": false,
          "isAdultContent": false,
          "displayStyle": 2,
          "catalogs": [
            1
          ]
        },
        "image": {
          "id": 1208975,
          "originName": "3956330.jpg",
          "fileType": "image",
          "fileSize": 88005,
          "width": 1600,
          "height": 1600,
          "cropUrlTemplate": "https://tsx.x5static.net/i/%s/xdelivery/files/8f/fd/5210824d505351612bf6bf9a1d66.jpg",
          "publicUrl": null,
          "uuid": "b46df98a-76e3-4c75-9232-ef791473dfd6"
        },
        "rating": 494,
        "medianPrice": 499,
        "labelCharacteristics": [],
        "labels": [],
        "reviewCount": 29,
        "ratingCount": 620,
        "priceTag": {
          "price": 499,
          "discountMinimumAmount": 0,
          "grossPrice": 999,
          "labels": [
            {
              "type": "yellow",
              "text": "-50%"
            }
          ],
          "pricePerQuantum": null,
          "grossPricePerQuantum": null,
          "potentialPointsForOrangeCard": null
        },
        "balanceState": "many"
      },
      {
        "liked": false,
        "borderStyle": null,
        "bestReview": null,
        "advToken": null,
        "id": 61722,
        "masterData": {
          "slug": "tetrad-skolnaa-pzbm-a5-v-linejku-12-listov",
          "plu": "3956331",
          "unit": 1,
          "unitName": "шт",
          "quantum": 1000,
          "quantumStep": 1000,
          "weight": 29,
          "volume": null,
          "ui4code": "NF0701006",
          "taxGroup": "BB",
          "ownProduction": false,
          "privateLabel": false,
          "isMark": false,
          "alcoSetUnits": null,
          "activeNds": 10
        },
        "title": "Тетрадь школьная ПЗБМ A5 в линейку, 12 листов",
        "primaryCategory": {
          "id": 455,
          "title": "Бумага, ручки, краски",
          "slug": "bumaga-rucki-kraski",
          "isAlcohol": false,
          "isTobacco": false,
          "isExciseAlcohol": false,
          "isAdultContent": false,
          "displayStyle": 2,
          "catalogs": [
            2,
            4
          ]
        },
        "catalogPrimaryCategory": {
          "id": 53,
          "title": "Канцелярия",
          "slug": "kancelaria",
          "isAlcohol": false,
          "isTobacco": false,
          "isExciseAlcohol": false,
          "isAdultContent": false,
          "displayStyle": 2,
          "catalogs": [
            1
          ]
        },
        "image": {
          "id": 1208978,
          "originName": "3956331.jpg",
          "fileType": "image",
          "fileSize": 86636,
          "width": 1600,
          "height": 1600,
          "cropUrlTemplate": "https://tsx.x5static.net/i/%s/xdelivery/files/fd/34/f7e8136494ba35200cafe8a29989.jpg",
          "publicUrl": null,
          "uuid": "b436ca4b-e923-445b-9fc7-08d3b7bf21f3"
        },
        "rating": 492,
        "medianPrice": 499,
        "labelCharacteristics": [],
        "labels": [],
        "reviewCount": 22,
        "ratingCount": 564,
        "priceTag": {
          "price": 499,
          "discountMinimumAmount": 0,
          "grossPrice": null,
          "labels": [],
          "pricePerQuantum": null,
          "grossPricePerQuantum": null,
          "potentialPointsForOrangeCard": null
        },
        "balanceState": "many"
      },
      {
        "liked": false,
        "borderStyle": null,
        "bestReview": null,
        "advToken": null,
        "id": 432472,
        "masterData": {
          "slug": "tetrad-uceniceskaa-v-linejku-kosaa-linia-a5-12l",
          "plu": "3958258",
          "unit": 1,
          "unitName": "шт",
          "quantum": 1000,
          "quantumStep": 1000,
          "weight": 29,
          "volume": null,
          "ui4code": "NF0701006",
          "taxGroup": "BB",
          "ownProduction": false,
          "privateLabel": false,
          "isMark": false,
          "alcoSetUnits": null,
          "activeNds": 10
        },
        "title": "Тетрадь ученическая в линейку-косая линия А5, 12л",
        "primaryCategory": {
          "id": 455,
          "title": "Бумага, ручки, краски",
          "slug": "bumaga-rucki-kraski",
          "isAlcohol": false,
          "isTobacco": false,
          "isExciseAlcohol": false,
          "isAdultContent": false,
          "displayStyle": 2,
          "catalogs": [
            2,
            4
          ]
        },
        "catalogPrimaryCategory": {
          "id": 53,
          "title": "Канцелярия",
          "slug": "kancelaria",
          "isAlcohol": false,
          "isTobacco": false,
          "isExciseAlcohol": false,
          "isAdultContent": false,
          "displayStyle": 2,
          "catalogs": [
            1
          ]
        },
        "image": {
          "id": 1709881,
          "originName": "3958258.jpg",
          "fileType": "image",
          "fileSize": 988966,
          "width": 1600,
          "height": 1600,
          "cropUrlTemplate": "https://tsx.x5static.net/i/%s/xdelivery/files/0a/98/c1663b783a2060bfd52dcaa38315.jpg",
          "publicUrl": null,
          "uuid": "eb2988fb-7aba-4820-a283-e30d1a53d5c3"
        },
        "rating": 491,
        "medianPrice": 499,
        "labelCharacteristics": [],
        "labels": [],
        "reviewCount": 12,
        "ratingCount": 209,
        "priceTag": {
          "price": 499,
          "discountMinimumAmount": 0,
          "grossPrice": null,
          "labels": [],
          "pricePerQuantum": null,
          "grossPricePerQuantum": null,
          "potentialPointsForOrangeCard": null
        },
        "balanceState": "many"
      },
      {
        "liked": false,
        "borderStyle": null,
        "bestReview": null,
        "advToken": null,
        "id": 271777,
        "masterData": {
          "slug": "rucka-centrum-pick-sarikovaa-sinaa",
          "plu": "4120268",
          "unit": 1,
          "unitName": "шт",
          "quantum": 1000,
          "quantumStep": 1000,
          "weight": 5,
          "volume": null,
          "ui4code": "NF0701005",
          "taxGroup": "BL",
          "ownProduction": false,
          "privateLabel": false,
          "isMark": false,
          "alcoSetUnits": null,
          "activeNds": 20
        },
        "title": "Ручка Centrum Pick шариковая синяя",
        "primaryCategory": {
          "id": 455,
          "title": "Бумага, ручки, краски",
          "slug": "bumaga-rucki-kraski",
          "isAlcohol": false,
          "isTobacco": false,
          "isExciseAlcohol": false,
          "isAdultContent": false,
          "displayStyle": 2,
          "catalogs": [
            2,
            4
          ]
        },
        "catalogPrimaryCategory": {
          "id": 53,
          "title": "Канцелярия",
          "slug": "kancelaria",
          "isAlcohol": false,
          "isTobacco": false,
          "isExciseAlcohol": false,
          "isAdultContent": false,
          "displayStyle": 2,
          "catalogs": [
            1
          ]
        },
        "image": {
          "id": 1208989,
          "originName": "4120268_2.jpg",
          "fileType": "image",
          "fileSize": 93320,
          "width": 1600,
          "height": 1600,
          "cropUrlTemplate": "https://tsx.x5static.net/i/%s/xdelivery/files/3a/a6/c9228a5f93d8a9fedb6ba235602c.jpg",
          "publicUrl": null,
          "uuid": "b1518981-f4c9-4a88-8007-b18e43176323"
        },
        "rating": 490,
        "medianPrice": 999,
        "labelCharacteristics": [],
        "labels": [],
        "reviewCount": 82,
        "ratingCount": 1249,
        "priceTag": {
          "price": 999,
          "discountMinimumAmount": 0,
          "grossPrice": 1499,
          "labels": [
            {
              "type": "yellow",
              "text": "-33%"
            }
          ],
          "pricePerQuantum": null,
          "grossPricePerQuantum": null,
          "potentialPointsForOrangeCard": null
        },
        "balanceState": "many"
      },
      {
        "liked": false,
        "borderStyle": null,
        "bestReview": null,
        "advToken": null,
        "id": 481418,
        "masterData": {
          "slug": "karandas-meshu-robopets-cernografitnyj-s-lastikom-v-assortimente",
          "plu": "4408630",
          "unit": 1,
          "unitName": "шт",
          "quantum": 1000,
          "quantumStep": 1000,
          "weight": 7,
          "volume": null,
          "ui4code": "NF0701010",
          "taxGroup": "BL",
          "ownProduction": false,
          "privateLabel": false,
          "isMark": false,
          "alcoSetUnits": null,
          "activeNds": 20
        },
        "title": "Карандаш Meshu Robopets чернографитный с ластиком в ассортименте",
        "primaryCategory": {
          "id": 455,
          "title": "Бумага, ручки, краски",
          "slug": "bumaga-rucki-kraski",
          "isAlcohol": false,
          "isTobacco": false,
          "isExciseAlcohol": false,
          "isAdultContent": false,
          "displayStyle": 2,
          "catalogs": [
            2,
            4
          ]
        },
        "catalogPrimaryCategory": {
          "id": 53,
          "title": "Канцелярия",
          "slug": "kancelaria",
          "isAlcohol": false,
          "isTobacco": false,
          "isExciseAlcohol": false,
          "isAdultContent": false,
          "displayStyle": 2,
          "catalogs": [
            1
          ]
        },
        "image": {
          "id": 2388768,
          "originName": "remote_upl_686618731d35c9.17063501",
          "fileType": "image",
          "fileSize": 382657,
          "width": 1200,
          "height": 1200,
          "cropUrlTemplate": "https://tsx.x5static.net/i/%s/xdelivery/files/c2/c4/5546a95869b5a18ab851e2e10bfb.jpg",
          "publicUrl": null,
          "uuid": "bc683de8-445e-4f09-84cb-7b907fed747d"
        },
        "rating": 500,
        "medianPrice": 1499,
        "labelCharacteristics": [],
        "labels": [],
        "reviewCount": 0,
        "ratingCount": 9,
        "priceTag": {
          "price": 999,
          "discountMinimumAmount": 0,
          "grossPrice": 3999,
          "labels": [
            {
              "type": "yellow",
              "text": "-75%"
            }
          ],
          "pricePerQuantum": null,
          "grossPricePerQuantum": null,
          "potentialPointsForOrangeCard": null
        },
        "balanceState": "many"
      }
    ],
    "paginator": {
      "step": 5,
      "current": 1,
      "nextPageExists": true
    },
    "currentSorting": {
      "orderBy": "price",
      "orderDirection": "asc"
    },
    "canonical": null,
    "orderByInfoItems": [
      {
        "orderBy": "popularity",
        "orderDirection": "desc",
        "orderByTitle": "Рекомендуемые",
        "isSelected": false
      },
      {
        "orderBy": "price",
        "orderDirection": "asc",
        "orderByTitle": "Сначала дешевле",
        "isSelected": true
      },
      {
        "orderBy": "price",
        "orderDirection": "desc",
        "orderByTitle": "Сначала дороже",
        "isSelected": false
      },
      {
        "orderBy": "discount",
        "orderDirection": "desc",
        "orderByTitle": "По размеру скидки",
        "isSelected": false
      },
      {
        "orderBy": "rating",
        "orderDirection": "desc",
        "orderByTitle": "По рейтингу",
        "isSelected": false
      }
    ],
    "searchQueryId": null,
    "searchType": "strict",
    "catalogs": [
      1
    ]
  }
}