{
  "$schema": "http://json-schema.org/schema#",
  "type": "object",
  "properties": {
    "content": {
      "type": "object",
      "properties": {
        "items": {
          "type": "array",
          "items": {
            "type": "object",
            "properties": {
              "categoryId": {
                "type": "integer"
              },
              "productsReviewCount": {
                "type": "integer"
              },
              "avgProductsRating": {
                "type": "integer"
              }
            },
            "required": [
              "avgProductsRating",
              "categoryId",
              "productsReviewCount"
            ]
          }
        }
      },
      "required": [
        "items"
      ]
    }
  },
  "required": [
    "content"
  ]
}