{
  "$schema": "http://json-schema.org/schema#",
  "type": "object",
  "properties": {
    "content": {
      "type": "object",
      "properties": {
        "priceFrom": {
          "type": "integer"
        },
        "priceTo": {
          "type": "integer"
        },
        "productCount": {
          "type": "integer"
        },
        "searchFeatures": {
          "type": "array",
          "items": {
            "type": "object",
            "properties": {
              "title": {
                "type": "string"
              },
              "key": {
                "type": "string"
              },
              "enumList": {
                "type": "array",
                "items": {
                  "type": "object",
                  "properties": {
                    "title": {
                      "type": "string"
                    },
                    "fullTitle": {
                      "type": "null"
                    },
                    "image": {
                      "anyOf": [
                        {
                          "type": "null"
                        },
                        {
                          "type": "object",
                          "properties": {
                            "id": {
                              "type": "integer"
                            },
                            "originName": {
                              "type": "string"
                            },
                            "fileType": {
                              "type": "string"
                            },
                            "fileSize": {
                              "type": "integer"
                            },
                            "width": {
                              "type": "integer"
                            },
                            "height": {
                              "type": "integer"
                            },
                            "cropUrlTemplate": {
                              "type": "string"
                            },
                            "publicUrl": {
                              "type": "null"
                            },
                            "uuid": {
                              "type": "string"
                            }
                          },
                          "required": [
                            "cropUrlTemplate",
                            "fileSize",
                            "fileType",
                            "height",
                            "id",
                            "originName",
                            "publicUrl",
                            "uuid",
                            "width"
                          ]
                        }
                      ]
                    },
                    "hideCategory": {
                      "type": "boolean"
                    },
                    "value": {
                      "type": "string"
                    },
                    "productCount": {
                      "type": "integer"
                    }
                  },
                  "required": [
                    "fullTitle",
                    "hideCategory",
                    "image",
                    "productCount",
                    "title",
                    "value"
                  ]
                }
              },
              "enumCount": {
                "type": "integer"
              }
            },
            "required": [
              "enumCount",
              "enumList",
              "key",
              "title"
            ]
          }
        },
        "productGroups": {
          "type": "array"
        },
        "hasAdultContent": {
          "type": "boolean"
        },
        "hasAlcohol": {
          "type": "boolean"
        },
        "hasExciseAlcohol": {
          "type": "boolean"
        },
        "hasPromo": {
          "type": "boolean"
        },
        "hasTobacco": {
          "type": "boolean"
        },
        "orderByInfo": {
          "type": "array",
          "items": {
            "type": "object",
            "properties": {
              "orderBy": {
                "type": "string"
              },
              "orderDirection": {
                "type": "string"
              },
              "orderByTitle": {
                "type": "string"
              },
              "isSelected": {
                "type": "boolean"
              }
            },
            "required": [
              "isSelected",
              "orderBy",
              "orderByTitle",
              "orderDirection"
            ]
          }
        },
        "ratingValue": {
          "type": "null"
        },
        "ratingCount": {
          "type": "null"
        }
      },
      "required": [
        "hasAdultContent",
        "hasAlcohol",
        "hasExciseAlcohol",
        "hasPromo",
        "hasTobacco",
        "orderByInfo",
        "priceFrom",
        "priceTo",
        "productCount",
        "productGroups",
        "ratingCount",
        "ratingValue",
        "searchFeatures"
      ]
    }
  },
  "required": [
    "content"
  ]
}