{
  "$schema": "http://json-schema.org/schema#",
  "type": "object",
  "properties": {
    "content": {
      "type": "object",
      "properties": {
        "items": {
          "type": "array",
          "items": {
            "type": "object",
            "properties": {
              "category": {
                "type": "object",
                "properties": {
                  "id": {
                    "type": "integer"
                  },
                  "title": {
                    "type": "string"
                  },
                  "slug": {
                    "type": "string"
                  },
                  "parentId": {
                    "type": "null"
                  },
                  "smallImage": {
                    "type": "object",
                    "properties": {
                      "id": {
                        "type": "integer"
                      },
                      "originName": {
                        "type": "string"
                      },
                      "fileType": {
                        "type": "string"
                      },
                      "fileSize": {
                        "type": "integer"
                      },
                      "width": {
                        "type": "integer"
                      },
                      "height": {
                        "type": "integer"
                      },
                      "cropUrlTemplate": {
                        "type": "string",
                        "format": "uri"
                      },
                      "publicUrl": {
                        "type": "null"
                      },
                      "uuid": {
                        "type": "string",
                        "format": "uuid"
                      }
                    },
                    "required": [
                      "cropUrlTemplate",
                      "fileSize",
                      "fileType",
                      "height",
                      "id",
                      "originName",
                      "publicUrl",
                      "uuid",
                      "width"
                    ]
                  },
                  "bigImage": {
                    "type": "object",
                    "properties": {
                      "id": {
                        "type": "integer"
                      },
                      "originName": {
                        "type": "string"
                      },
                      "fileType": {
                        "type": "string"
                      },
                      "fileSize": {
                        "type": "integer"
                      },
                      "width": {
                        "type": "integer"
                      },
                      "height": {
                        "type": "integer"
                      },
                      "cropUrlTemplate": {
                        "type": "string",
                        "format": "uri"
                      },
                      "publicUrl": {
                        "type": "null"
                      },
                      "uuid": {
                        "type": "string",
                        "format": "uuid"
                      }
                    },
                    "required": [
                      "cropUrlTemplate",
                      "fileSize",
                      "fileType",
                      "height",
                      "id",
                      "originName",
                      "publicUrl",
                      "uuid",
                      "width"
                    ]
                  },
                  "squareSmallImage": {
                    "type": "object",
                    "properties": {
                      "id": {
                        "type": "integer"
                      },
                      "originName": {
                        "type": "string"
                      },
                      "fileType": {
                        "type": "string"
                      },
                      "fileSize": {
                        "type": "integer"
                      },
                      "width": {
                        "type": "integer"
                      },
                      "height": {
                        "type": "integer"
                      },
                      "cropUrlTemplate": {
                        "type": "string",
                        "format": "uri"
                      },
                      "publicUrl": {
                        "type": "null"
                      },
                      "uuid": {
                        "type": "string",
                        "format": "uuid"
                      }
                    },
                    "required": [
                      "cropUrlTemplate",
                      "fileSize",
                      "fileType",
                      "height",
                      "id",
                      "originName",
                      "publicUrl",
                      "uuid",
                      "width"
                    ]
                  },
                  "isAlcohol": {
                    "type": "boolean"
                  },
                  "isTobacco": {
                    "type": "boolean"
                  },
                  "showInSearch": {
                    "type": "boolean"
                  },
                  "isAdultContent": {
                    "type": "boolean"
                  },
                  "backgroundColor": {
                    "type": "object",
                    "properties": {
                      "red": {
                        "type": "integer"
                      },
                      "green": {
                        "type": "integer"
                      },
                      "blue": {
                        "type": "integer"
                      },
                      "alpha": {
                        "type": "integer"
                      }
                    },
                    "required": [
                      "alpha",
                      "blue",
                      "green",
                      "red"
                    ]
                  },
                  "textColor": {
                    "type": "object",
                    "properties": {
                      "red": {
                        "type": "integer"
                      },
                      "green": {
                        "type": "integer"
                      },
                      "blue": {
                        "type": "integer"
                      },
                      "alpha": {
                        "type": "integer"
                      }
                    },
                    "required": [
                      "alpha",
                      "blue",
                      "green",
                      "red"
                    ]
                  },
                  "isLiquid": {
                    "type": "boolean"
                  },
                  "displayStyle": {
                    "type": "integer"
                  },
                  "subtitle": {
                    "type": "null"
                  },
                  "categoryImage": {
                    "type": "null"
                  },
                  "smallCategoryImage": {
                    "type": "null"
                  },
                  "deepLink": {
                    "type": "null"
                  },
                  "smallDisplayStyleForParent": {
                    "type": "boolean"
                  },
                  "isBigDesignStyle": {
                    "type": "boolean"
                  },
                  "isMarkingRequired": {
                    "type": "boolean"
                  }
                },
                "required": [
                  "backgroundColor",
                  "bigImage",
                  "categoryImage",
                  "deepLink",
                  "displayStyle",
                  "id",
                  "isAdultContent",
                  "isAlcohol",
                  "isBigDesignStyle",
                  "isLiquid",
                  "isMarkingRequired",
                  "isTobacco",
                  "parentId",
                  "showInSearch",
                  "slug",
                  "smallCategoryImage",
                  "smallDisplayStyleForParent",
                  "smallImage",
                  "squareSmallImage",
                  "subtitle",
                  "textColor",
                  "title"
                ]
              },
              "hasAvailableProducts": {
                "type": "boolean"
              },
              "children": {
                "type": "array",
                "items": {
                  "type": "object",
                  "properties": {
                    "category": {
                      "type": "object",
                      "properties": {
                        "id": {
                          "type": "integer"
                        },
                        "title": {
                          "type": "string"
                        },
                        "slug": {
                          "type": "string"
                        },
                        "parentId": {
                          "type": "integer"
                        },
                        "smallImage": {
                          "type": "null"
                        },
                        "bigImage": {
                          "type": "null"
                        },
                        "squareSmallImage": {
                          "type": "object",
                          "properties": {
                            "id": {
                              "type": "integer"
                            },
                            "originName": {
                              "type": "string"
                            },
                            "fileType": {
                              "type": "string"
                            },
                            "fileSize": {
                              "type": "integer"
                            },
                            "width": {
                              "type": "integer"
                            },
                            "height": {
                              "type": "integer"
                            },
                            "cropUrlTemplate": {
                              "type": "string",
                              "format": "uri"
                            },
                            "publicUrl": {
                              "type": "null"
                            },
                            "uuid": {
                              "type": "string",
                              "format": "uuid"
                            }
                          },
                          "required": [
                            "cropUrlTemplate",
                            "fileSize",
                            "fileType",
                            "height",
                            "id",
                            "originName",
                            "publicUrl",
                            "uuid",
                            "width"
                          ]
                        },
                        "isAlcohol": {
                          "type": "boolean"
                        },
                        "isTobacco": {
                          "type": "boolean"
                        },
                        "showInSearch": {
                          "type": "boolean"
                        },
                        "isAdultContent": {
                          "type": "boolean"
                        },
                        "backgroundColor": {
                          "type": "object",
                          "properties": {
                            "red": {
                              "type": "integer"
                            },
                            "green": {
                              "type": "integer"
                            },
                            "blue": {
                              "type": "integer"
                            },
                            "alpha": {
                              "type": "integer"
                            }
                          },
                          "required": [
                            "alpha",
                            "blue",
                            "green",
                            "red"
                          ]
                        },
                        "textColor": {
                          "type": "object",
                          "properties": {
                            "red": {
                              "type": "integer"
                            },
                            "green": {
                              "type": "integer"
                            },
                            "blue": {
                              "type": "integer"
                            },
                            "alpha": {
                              "type": "integer"
                            }
                          },
                          "required": [
                            "alpha",
                            "blue",
                            "green",
                            "red"
                          ]
                        },
                        "isLiquid": {
                          "type": "boolean"
                        },
                        "displayStyle": {
                          "type": "integer"
                        },
                        "subtitle": {
                          "type": "null"
                        },
                        "categoryImage": {
                          "anyOf": [
                            {
                              "type": "null"
                            },
                            {
                              "type": "object",
                              "properties": {
                                "id": {
                                  "type": "integer"
                                },
                                "originName": {
                                  "type": "string"
                                },
                                "fileType": {
                                  "type": "string"
                                },
                                "fileSize": {
                                  "type": "integer"
                                },
                                "width": {
                                  "type": "integer"
                                },
                                "height": {
                                  "type": "integer"
                                },
                                "cropUrlTemplate": {
                                  "type": "string"
                                },
                                "publicUrl": {
                                  "type": "null"
                                },
                                "uuid": {
                                  "type": "string"
                                }
                              },
                              "required": [
                                "cropUrlTemplate",
                                "fileSize",
                                "fileType",
                                "height",
                                "id",
                                "originName",
                                "publicUrl",
                                "uuid",
                                "width"
                              ]
                            }
                          ]
                        },
                        "smallCategoryImage": {
                          "anyOf": [
                            {
                              "type": "null"
                            },
                            {
                              "type": "object",
                              "properties": {
                                "id": {
                                  "type": "integer"
                                },
                                "originName": {
                                  "type": "string"
                                },
                                "fileType": {
                                  "type": "string"
                                },
                                "fileSize": {
                                  "type": "integer"
                                },
                                "width": {
                                  "type": "integer"
                                },
                                "height": {
                                  "type": "integer"
                                },
                                "cropUrlTemplate": {
                                  "type": "string",
                                  "format": "uri"
                                },
                                "publicUrl": {
                                  "type": "null"
                                },
                                "uuid": {
                                  "type": "string",
                                  "format": "uuid"
                                }
                              },
                              "required": [
                                "cropUrlTemplate",
                                "fileSize",
                                "fileType",
                                "height",
                                "id",
                                "originName",
                                "publicUrl",
                                "uuid",
                                "width"
                              ]
                            }
                          ]
                        },
                        "deepLink": {
                          "type": "null"
                        },
                        "smallDisplayStyleForParent": {
                          "type": "boolean"
                        },
                        "isBigDesignStyle": {
                          "type": "boolean"
                        },
                        "isMarkingRequired": {
                          "type": "boolean"
                        }
                      },
                      "required": [
                        "backgroundColor",
                        "bigImage",
                        "categoryImage",
                        "deepLink",
                        "displayStyle",
                        "id",
                        "isAdultContent",
                        "isAlcohol",
                        "isBigDesignStyle",
                        "isLiquid",
                        "isMarkingRequired",
                        "isTobacco",
                        "parentId",
                        "showInSearch",
                        "slug",
                        "smallCategoryImage",
                        "smallDisplayStyleForParent",
                        "smallImage",
                        "squareSmallImage",
                        "subtitle",
                        "textColor",
                        "title"
                      ]
                    },
                    "hasAvailableProducts": {
                      "type": "boolean"
                    },
                    "children": {
                      "type": "array"
                    },
                    "promoProducts": {
                      "type": "null"
                    }
                  },
                  "required": [
                    "category",
                    "children",
                    "hasAvailableProducts",
                    "promoProducts"
                  ]
                }
              },
              "promoProducts": {
                "type": "null"
              }
            },
            "required": [
              "category",
              "children",
              "hasAvailableProducts",
              "promoProducts"
            ]
          }
        }
      },
      "required": [
        "items"
      ]
    }
  },
  "required": [
    "content"
  ]
}