{
  "content": {
    "items": [
      {
        "categoryId": 1644,
        "productsReviewCount": 217274,
        "avgProductsRating": 489
      }
    ]
  }
}