{
  "$schema": "http://json-schema.org/schema#",
  "type": "object",
  "properties": {
    "content": {
      "type": "object",
      "properties": {
        "items": {
          "type": "array",
          "items": {
            "type": "object",
            "properties": {
              "isDeliveryAvailable": {
                "type": "boolean"
              },
              "isPickupAvailable": {
                "type": "boolean"
              },
              "id": {
                "type": "integer"
              },
              "name": {
                "type": "string"
              },
              "slug": {
                "type": "string"
              },
              "location": {
                "type": "object",
                "properties": {
                  "type": {
                    "type": "string"
                  },
                  "coordinates": {
                    "type": "array",
                    "items": {
                      "type": "number"
                    }
                  }
                },
                "required": [
                  "coordinates",
                  "type"
                ]
              },
              "area": {
                "type": "null"
              },
              "isPrimary": {
                "type": "boolean"
              },
              "key": {
                "type": "string"
              }
            },
            "required": [
              "area",
              "id",
              "isDeliveryAvailable",
              "isPickupAvailable",
              "isPrimary",
              "key",
              "location",
              "name",
              "slug"
            ]
          }
        }
      },
      "required": [
        "items"
      ]
    }
  },
  "required": [
    "content"
  ]
}