{
  "content": {
    "mode": "courier",
    "shop": null,
    "address": {
      "uuid": "00481c98-8c3a-4b4b-966c-3d2d5be78aac",
      "title": "Малая Бронная улица, 44",
      "fullAddress": "Москва, Малая Бронная улица, 44",
      "apartment": null,
      "entrance": null,
      "floor": null,
      "intercom": null,
      "comment": null,
      "isCurrent": true,
      "location": {
        "type": "Point",
        "coordinates": [
          37.5916321,
          55.7655519
        ]
      },
      "subtitle": null,
      "dontRingDoorbell": false,
      "contactlessDelivery": false
    }
  }
}