{
  "content": {
    "items": [
      {
        "id": 55957901,
        "rating": 500,
        "comment": "Редко есть",
        "username": "",
        "notes": [],
        "createdAt": 1757400365248,
        "points": 0,
        "approvedImages": [],
        "reaction": {
          "likes": 0,
          "dislikes": 0,
          "balance": 0,
          "vote": 0,
          "isAvailable": true
        },
        "isContent": false
      },
      {
        "id": 55940403,
        "rating": 500,
        "comment": "Испекла манник,очень хорошо поднялся,воздушный.\nРазрыхлитель буду заказывать ещё,хороший!",
        "username": "",
        "notes": [
          {
            "key": "Kachestvo",
            "value": "Качество"
          },
          {
            "key": "Upakovka",
            "value": "Упаковка"
          }
        ],
        "createdAt": 1757356233545,
        "points": 0,
        "approvedImages": [],
        "reaction": {
          "likes": 0,
          "dislikes": 0,
          "balance": 0,
          "vote": 0,
          "isAvailable": true
        },
        "isContent": false
      },
      {
        "id": 55903484,
        "rating": 500,
        "comment": "хороший  разрыхлитель, мне хватило на 3! выпечки!",
        "username": "",
        "notes": [
          {
            "key": "Kachestvo",
            "value": "Качество"
          }
        ],
        "createdAt": 1757238843498,
        "points": 0,
        "approvedImages": [],
        "reaction": {
          "likes": 0,
          "dislikes": 0,
          "balance": 0,
          "vote": 0,
          "isAvailable": true
        },
        "isContent": false
      },
      {
        "id": 55893578,
        "rating": 500,
        "comment": "обычный разрыхлитель",
        "username": "",
        "notes": [
          {
            "key": "Kachestvo",
            "value": "Качество"
          }
        ],
        "createdAt": 1757180245928,
        "points": 0,
        "approvedImages": [],
        "reaction": {
          "likes": 0,
          "dislikes": 0,
          "balance": 0,
          "vote": 0,
          "isAvailable": true
        },
        "isContent": false
      },
      {
        "id": 55848829,
        "rating": 500,
        "comment": "Хороший разрыхлитель, отличен для оладий.",
        "username": "",
        "notes": [
          {
            "key": "Svegest",
            "value": "Свежесть"
          },
          {
            "key": "Kachestvo",
            "value": "Качество"
          },
          {
            "key": "Upakovka",
            "value": "Упаковка"
          }
        ],
        "createdAt": 1757086585495,
        "points": 0,
        "approvedImages": [],
        "reaction": {
          "likes": 0,
          "dislikes": 0,
          "balance": 0,
          "vote": 0,
          "isAvailable": true
        },
        "isContent": false
      },
      {
        "id": 55765486,
        "rating": 500,
        "comment": "Цена качество работает отлично и количество норм",
        "username": "",
        "notes": [
          {
            "key": "Kachestvo",
            "value": "Качество"
          },
          {
            "key": "Drugoe",
            "value": "Другое"
          }
        ],
        "createdAt": 1756838596177,
        "points": 0,
        "approvedImages": [],
        "reaction": {
          "likes": 0,
          "dislikes": 0,
          "balance": 0,
          "vote": 0,
          "isAvailable": true
        },
        "isContent": false
      },
      {
        "id": 55340644,
        "rating": 500,
        "comment": "Хороший",
        "username": "",
        "notes": [],
        "createdAt": 1755582688100,
        "points": 0,
        "approvedImages": [],
        "reaction": {
          "likes": 0,
          "dislikes": 0,
          "balance": 0,
          "vote": 0,
          "isAvailable": true
        },
        "isContent": false
      },
      {
        "id": 55158194,
        "rating": 500,
        "comment": "вкусненько",
        "username": "",
        "notes": [
          {
            "key": "Vkus",
            "value": "Вкус"
          },
          {
            "key": "Svegest",
            "value": "Свежесть"
          },
          {
            "key": "Kachestvo",
            "value": "Качество"
          },
          {
            "key": "Upakovka",
            "value": "Упаковка"
          },
          {
            "key": "Drugoe",
            "value": "Другое"
          }
        ],
        "createdAt": 1755001506477,
        "points": 0,
        "approvedImages": [],
        "reaction": {
          "likes": 0,
          "dislikes": 0,
          "balance": 0,
          "vote": 0,
          "isAvailable": true
        },
        "isContent": false
      },
      {
        "id": 55154414,
        "rating": 500,
        "comment": "Часто пеку кексы по госту и пользуюсь этим разрыхлителем. Пока все устраивает.",
        "username": "",
        "notes": [
          {
            "key": "Kachestvo",
            "value": "Качество"
          },
          {
            "key": "Upakovka",
            "value": "Упаковка"
          }
        ],
        "createdAt": 1754998922686,
        "points": 0,
        "approvedImages": [],
        "reaction": {
          "likes": 0,
          "dislikes": 0,
          "balance": 0,
          "vote": 0,
          "isAvailable": true
        },
        "isContent": false
      },
      {
        "id": 54844009,
        "rating": 500,
        "comment": "Отличный дешевый разрыхлитель. Использую в выпечке",
        "username": "",
        "notes": [
          {
            "key": "Svegest",
            "value": "Свежесть"
          }
        ],
        "createdAt": 1754073338899,
        "points": 0,
        "approvedImages": [],
        "reaction": {
          "likes": 0,
          "dislikes": 0,
          "balance": 0,
          "vote": 0,
          "isAvailable": true
        },
        "isContent": false
      }
    ],
    "paginator": {
      "step": 10,
      "current": 1,
      "nextPageExists": true
    }
  }
}