{
  "$schema": "http://json-schema.org/schema#",
  "type": "object",
  "properties": {
    "content": {
      "type": "object",
      "properties": {
        "count": {
          "type": "integer"
        }
      },
      "required": [
        "count"
      ]
    }
  },
  "required": [
    "content"
  ]
}