{
  "$schema": "https://json-schema.org/draft/2020-12/schema",
  "type": "object",
  "properties": {
    "content": {
      "type": "object",
      "properties": {
        "one": {
          "type": "integer"
        },
        "two": {
          "type": "integer"
        },
        "three": {
          "type": "integer"
        },
        "four": {
          "type": "integer"
        },
        "five": {
          "type": "integer"
        },
        "total": {
          "type": "integer"
        },
        "oneWithComment": {
          "type": "integer"
        },
        "twoWithComment": {
          "type": "integer"
        },
        "threeWithComment": {
          "type": "integer"
        },
        "fourWithComment": {
          "type": "integer"
        },
        "fiveWithComment": {
          "type": "integer"
        },
        "totalWithComment": {
          "type": "integer"
        }
      },
      "required": [
        "five",
        "fiveWithComment",
        "four",
        "fourWithComment",
        "one",
        "oneWithComment",
        "three",
        "threeWithComment",
        "total",
        "totalWithComment",
        "two",
        "twoWithComment"
      ]
    }
  },
  "required": [
    "content"
  ]
}