{
  "$schema": "http://json-schema.org/schema#",
  "type": "object",
  "properties": {
    "content": {
      "type": "object",
      "properties": {
        "items": {
          "type": "array",
          "items": {
            "type": "object",
            "properties": {
              "key": {
                "type": "string"
              },
              "payload": {
                "type": "object",
                "properties": {
                  "image1": {
                    "type": "string"
                  },
                  "image2": {
                    "type": "string"
                  },
                  "image3": {
                    "type": "string"
                  },
                  "title1": {
                    "type": "string"
                  },
                  "title2": {
                    "type": "string"
                  },
                  "title3": {
                    "type": "string"
                  },
                  "rulesUrl": {
                    "type": "string"
                  },
                  "urlError": {
                    "type": "string"
                  },
                  "urlBanner": {
                    "type": "string"
                  },
                  "urlSuccess": {
                    "type": "string"
                  },
                  "imageWeb1Lg": {
                    "type": "string"
                  },
                  "imageWeb1Md": {
                    "type": "string"
                  },
                  "imageWeb1Sm": {
                    "type": "string"
                  },
                  "imageWeb2Lg": {
                    "type": "string"
                  },
                  "imageWeb2Sm": {
                    "type": "string"
                  },
                  "imageWeb3Lg": {
                    "type": "string"
                  },
                  "imageWeb3Sm": {
                    "type": "string"
                  },
                  "url": {
                    "type": "string"
                  },
                  "imageWebLg": {
                    "type": "string"
                  },
                  "imageWebMd": {
                    "type": "string"
                  },
                  "imageWebSm": {
                    "type": "string"
                  },
                  "imgLK": {
                    "type": "string"
                  },
                  "imgTC5": {
                    "type": "string"
                  },
                  "imgTCL": {
                    "type": "string"
                  },
                  "imgTCX": {
                    "type": "string"
                  },
                  "imgSale": {
                    "type": "string"
                  },
                  "imgTCVP": {
                    "type": "string"
                  },
                  "imgCashback": {
                    "type": "string"
                  },
                  "imgDeliveryCashback": {
                    "type": "string"
                  },
                  "title": {
                    "type": "string"
                  },
                  "webviewType": {
                    "type": "string"
                  },
                  "description": {
                    "type": "string"
                  },
                  "notificationText": {
                    "type": "string"
                  },
                  "promoId": {
                    "type": "string"
                  },
                  "main_promotions": {
                    "type": "string"
                  },
                  "categories_carousel": {
                    "type": "string"
                  },
                  "sticky_product_info": {
                    "type": "string"
                  },
                  "home_bought_products": {
                    "type": "string"
                  },
                  "favorite_promolistings": {
                    "type": "string"
                  }
                }
              }
            },
            "required": [
              "key",
              "payload"
            ]
          }
        }
      },
      "required": [
        "items"
      ]
    }
  },
  "required": [
    "content"
  ]
}