{
  "$schema": "http://json-schema.org/schema#",
  "type": "object",
  "properties": {
    "content": {
      "type": "object",
      "properties": {
        "items": {
          "type": "array",
          "items": {
            "type": "object",
            "properties": {
              "id": {
                "type": "integer"
              },
              "key": {
                "type": "string"
              },
              "title": {
                "type": "string"
              },
              "description": {
                "type": "null"
              },
              "showOnPublicMap": {
                "type": "boolean"
              }
            },
            "required": [
              "description",
              "id",
              "key",
              "showOnPublicMap",
              "title"
            ]
          }
        }
      },
      "required": [
        "items"
      ]
    }
  },
  "required": [
    "content"
  ]
}